This is pdfTeX, Version 3.141592653-2.6-1.40.28 (TeX Live 2025) (preloaded format=pdflatex 2025.10.1)  16 JUL 2026 12:49
entering extended mode
 restricted \write18 enabled.
 %&-line parsing enabled.
**main.tex
(./main.tex
LaTeX2e <2025-06-01> patch level 1
L3 programming layer <2025-09-02>

(/sw/arch/RHEL9/EB_production/2025/software/texlive/20250308-GCC-14.2.0/texmf-d
ist/tex/latex/base/article.cls
Document Class: article 2025/01/22 v1.4n Standard LaTeX document class

(/sw/arch/RHEL9/EB_production/2025/software/texlive/20250308-GCC-14.2.0/texmf-d
ist/tex/latex/base/size11.clo
File: size11.clo 2025/01/22 v1.4n Standard LaTeX file (size option)
)
\c@part=\count275
\c@section=\count276
\c@subsection=\count277
\c@subsubsection=\count278
\c@paragraph=\count279
\c@subparagraph=\count280
\c@figure=\count281
\c@table=\count282
\abovecaptionskip=\skip49
\belowcaptionskip=\skip50
\bibindent=\dimen148
)
(/sw/arch/RHEL9/EB_production/2025/software/texlive/20250308-GCC-14.2.0/texmf-d
ist/tex/latex/geometry/geometry.sty
Package: geometry 2020/01/02 v5.9 Page Geometry

(/sw/arch/RHEL9/EB_production/2025/software/texlive/20250308-GCC-14.2.0/texmf-d
ist/tex/latex/graphics/keyval.sty
Package: keyval 2022/05/29 v1.15 key=value parser (DPC)
\KV@toks@=\toks17
)
(/sw/arch/RHEL9/EB_production/2025/software/texlive/20250308-GCC-14.2.0/texmf-d
ist/tex/generic/iftex/ifvtex.sty
Package: ifvtex 2019/10/25 v1.7 ifvtex legacy package. Use iftex instead.

(/sw/arch/RHEL9/EB_production/2025/software/texlive/20250308-GCC-14.2.0/texmf-d
ist/tex/generic/iftex/iftex.sty
Package: iftex 2024/12/12 v1.0g TeX engine tests
))
\Gm@cnth=\count283
\Gm@cntv=\count284
\c@Gm@tempcnt=\count285
\Gm@bindingoffset=\dimen149
\Gm@wd@mp=\dimen150
\Gm@odd@mp=\dimen151
\Gm@even@mp=\dimen152
\Gm@layoutwidth=\dimen153
\Gm@layoutheight=\dimen154
\Gm@layouthoffset=\dimen155
\Gm@layoutvoffset=\dimen156
\Gm@dimlist=\toks18
)
(/sw/arch/RHEL9/EB_production/2025/software/texlive/20250308-GCC-14.2.0/texmf-d
ist/tex/latex/base/fontenc.sty
Package: fontenc 2024/12/21 v2.1c Standard LaTeX package
)
(/sw/arch/RHEL9/EB_production/2025/software/texlive/20250308-GCC-14.2.0/texmf-d
ist/tex/latex/base/inputenc.sty
Package: inputenc 2024/02/08 v1.3d Input encoding file
\inpenc@prehook=\toks19
\inpenc@posthook=\toks20
)
(/sw/arch/RHEL9/EB_production/2025/software/texlive/20250308-GCC-14.2.0/texmf-d
ist/tex/latex/lm/lmodern.sty
Package: lmodern 2015/05/01 v1.6.1 Latin Modern Fonts
LaTeX Font Info:    Overwriting symbol font `operators' in version `normal'
(Font)                  OT1/cmr/m/n --> OT1/lmr/m/n on input line 22.
LaTeX Font Info:    Overwriting symbol font `letters' in version `normal'
(Font)                  OML/cmm/m/it --> OML/lmm/m/it on input line 23.
LaTeX Font Info:    Overwriting symbol font `symbols' in version `normal'
(Font)                  OMS/cmsy/m/n --> OMS/lmsy/m/n on input line 24.
LaTeX Font Info:    Overwriting symbol font `largesymbols' in version `normal'
(Font)                  OMX/cmex/m/n --> OMX/lmex/m/n on input line 25.
LaTeX Font Info:    Overwriting symbol font `operators' in version `bold'
(Font)                  OT1/cmr/bx/n --> OT1/lmr/bx/n on input line 26.
LaTeX Font Info:    Overwriting symbol font `letters' in version `bold'
(Font)                  OML/cmm/b/it --> OML/lmm/b/it on input line 27.
LaTeX Font Info:    Overwriting symbol font `symbols' in version `bold'
(Font)                  OMS/cmsy/b/n --> OMS/lmsy/b/n on input line 28.
LaTeX Font Info:    Overwriting symbol font `largesymbols' in version `bold'
(Font)                  OMX/cmex/m/n --> OMX/lmex/m/n on input line 29.
LaTeX Font Info:    Overwriting math alphabet `\mathbf' in version `normal'
(Font)                  OT1/cmr/bx/n --> OT1/lmr/bx/n on input line 31.
LaTeX Font Info:    Overwriting math alphabet `\mathsf' in version `normal'
(Font)                  OT1/cmss/m/n --> OT1/lmss/m/n on input line 32.
LaTeX Font Info:    Overwriting math alphabet `\mathit' in version `normal'
(Font)                  OT1/cmr/m/it --> OT1/lmr/m/it on input line 33.
LaTeX Font Info:    Overwriting math alphabet `\mathtt' in version `normal'
(Font)                  OT1/cmtt/m/n --> OT1/lmtt/m/n on input line 34.
LaTeX Font Info:    Overwriting math alphabet `\mathbf' in version `bold'
(Font)                  OT1/cmr/bx/n --> OT1/lmr/bx/n on input line 35.
LaTeX Font Info:    Overwriting math alphabet `\mathsf' in version `bold'
(Font)                  OT1/cmss/bx/n --> OT1/lmss/bx/n on input line 36.
LaTeX Font Info:    Overwriting math alphabet `\mathit' in version `bold'
(Font)                  OT1/cmr/bx/it --> OT1/lmr/bx/it on input line 37.
LaTeX Font Info:    Overwriting math alphabet `\mathtt' in version `bold'
(Font)                  OT1/cmtt/m/n --> OT1/lmtt/m/n on input line 38.
)
(/sw/arch/RHEL9/EB_production/2025/software/texlive/20250308-GCC-14.2.0/texmf-d
ist/tex/latex/microtype/microtype.sty
Package: microtype 2025/07/09 v3.2b Micro-typographical refinements (RS)

(/sw/arch/RHEL9/EB_production/2025/software/texlive/20250308-GCC-14.2.0/texmf-d
ist/tex/latex/etoolbox/etoolbox.sty
Package: etoolbox 2025/02/11 v2.5l e-TeX tools for LaTeX (JAW)
\etb@tempcnta=\count286
)
\MT@toks=\toks21
\MT@tempbox=\box53
\MT@count=\count287
LaTeX Info: Redefining \noprotrusionifhmode on input line 1087.
LaTeX Info: Redefining \leftprotrusion on input line 1088.
\MT@prot@toks=\toks22
LaTeX Info: Redefining \rightprotrusion on input line 1107.
LaTeX Info: Redefining \textls on input line 1449.
\MT@outer@kern=\dimen157
LaTeX Info: Redefining \microtypecontext on input line 2053.
LaTeX Info: Redefining \textmicrotypecontext on input line 2070.
\MT@listname@count=\count288

(/sw/arch/RHEL9/EB_production/2025/software/texlive/20250308-GCC-14.2.0/texmf-d
ist/tex/latex/microtype/microtype-pdftex.def
File: microtype-pdftex.def 2025/07/09 v3.2b Definitions specific to pdftex (RS)

LaTeX Info: Redefining \lsstyle on input line 944.
LaTeX Info: Redefining \lslig on input line 944.
\MT@outer@space=\skip51
)
Package microtype Info: Loading configuration file microtype.cfg.

(/sw/arch/RHEL9/EB_production/2025/software/texlive/20250308-GCC-14.2.0/texmf-d
ist/tex/latex/microtype/microtype.cfg
File: microtype.cfg 2025/07/09 v3.2b microtype main configuration file (RS)
)
LaTeX Info: Redefining \microtypesetup on input line 3065.
)
(/sw/arch/RHEL9/EB_production/2025/software/texlive/20250308-GCC-14.2.0/texmf-d
ist/tex/latex/amsmath/amsmath.sty
Package: amsmath 2025/06/16 v2.17y AMS math features
\@mathmargin=\skip52

For additional information on amsmath, use the `?' option.

(/sw/arch/RHEL9/EB_production/2025/software/texlive/20250308-GCC-14.2.0/texmf-d
ist/tex/latex/amsmath/amstext.sty
Package: amstext 2024/11/17 v2.01 AMS text

(/sw/arch/RHEL9/EB_production/2025/software/texlive/20250308-GCC-14.2.0/texmf-d
ist/tex/latex/amsmath/amsgen.sty
File: amsgen.sty 1999/11/30 v2.0 generic functions
\@emptytoks=\toks23
\ex@=\dimen158
))
(/sw/arch/RHEL9/EB_production/2025/software/texlive/20250308-GCC-14.2.0/texmf-d
ist/tex/latex/amsmath/amsbsy.sty
Package: amsbsy 1999/11/29 v1.2d Bold Symbols
\pmbraise@=\dimen159
)
(/sw/arch/RHEL9/EB_production/2025/software/texlive/20250308-GCC-14.2.0/texmf-d
ist/tex/latex/amsmath/amsopn.sty
Package: amsopn 2022/04/08 v2.04 operator names
)
\inf@bad=\count289
LaTeX Info: Redefining \frac on input line 233.
\uproot@=\count290
\leftroot@=\count291
LaTeX Info: Redefining \overline on input line 398.
LaTeX Info: Redefining \colon on input line 409.
\classnum@=\count292
\DOTSCASE@=\count293
LaTeX Info: Redefining \ldots on input line 495.
LaTeX Info: Redefining \dots on input line 498.
LaTeX Info: Redefining \cdots on input line 619.
\Mathstrutbox@=\box54
\strutbox@=\box55
LaTeX Info: Redefining \big on input line 721.
LaTeX Info: Redefining \Big on input line 722.
LaTeX Info: Redefining \bigg on input line 723.
LaTeX Info: Redefining \Bigg on input line 724.
\big@size=\dimen160
LaTeX Font Info:    Redeclaring font encoding OML on input line 742.
LaTeX Font Info:    Redeclaring font encoding OMS on input line 743.
\macc@depth=\count294
LaTeX Info: Redefining \bmod on input line 904.
LaTeX Info: Redefining \pmod on input line 909.
LaTeX Info: Redefining \smash on input line 939.
LaTeX Info: Redefining \relbar on input line 969.
LaTeX Info: Redefining \Relbar on input line 970.
\c@MaxMatrixCols=\count295
\dotsspace@=\muskip17
\c@parentequation=\count296
\dspbrk@lvl=\count297
\tag@help=\toks24
\row@=\count298
\column@=\count299
\maxfields@=\count300
\andhelp@=\toks25
\eqnshift@=\dimen161
\alignsep@=\dimen162
\tagshift@=\dimen163
\tagwidth@=\dimen164
\totwidth@=\dimen165
\lineht@=\dimen166
\@envbody=\toks26
\multlinegap=\skip53
\multlinetaggap=\skip54
\mathdisplay@stack=\toks27
LaTeX Info: Redefining \[ on input line 2949.
LaTeX Info: Redefining \] on input line 2950.
)
(/sw/arch/RHEL9/EB_production/2025/software/texlive/20250308-GCC-14.2.0/texmf-d
ist/tex/latex/amsfonts/amssymb.sty
Package: amssymb 2013/01/14 v3.01 AMS font symbols

(/sw/arch/RHEL9/EB_production/2025/software/texlive/20250308-GCC-14.2.0/texmf-d
ist/tex/latex/amsfonts/amsfonts.sty
Package: amsfonts 2013/01/14 v3.01 Basic AMSFonts support
\symAMSa=\mathgroup4
\symAMSb=\mathgroup5
LaTeX Font Info:    Redeclaring math symbol \hbar on input line 98.
LaTeX Font Info:    Overwriting math alphabet `\mathfrak' in version `bold'
(Font)                  U/euf/m/n --> U/euf/b/n on input line 106.
))
(/sw/arch/RHEL9/EB_production/2025/software/texlive/20250308-GCC-14.2.0/texmf-d
ist/tex/latex/amscls/amsthm.sty
Package: amsthm 2020/05/29 v2.20.6
\thm@style=\toks28
\thm@bodyfont=\toks29
\thm@headfont=\toks30
\thm@notefont=\toks31
\thm@headpunct=\toks32
\thm@preskip=\skip55
\thm@postskip=\skip56
\thm@headsep=\skip57
\dth@everypar=\toks33
)
(/sw/arch/RHEL9/EB_production/2025/software/texlive/20250308-GCC-14.2.0/texmf-d
ist/tex/latex/booktabs/booktabs.sty
Package: booktabs 2020/01/12 v1.61803398 Publication quality tables
\heavyrulewidth=\dimen167
\lightrulewidth=\dimen168
\cmidrulewidth=\dimen169
\belowrulesep=\dimen170
\belowbottomsep=\dimen171
\aboverulesep=\dimen172
\abovetopsep=\dimen173
\cmidrulesep=\dimen174
\cmidrulekern=\dimen175
\defaultaddspace=\dimen176
\@cmidla=\count301
\@cmidlb=\count302
\@aboverulesep=\dimen177
\@belowrulesep=\dimen178
\@thisruleclass=\count303
\@lastruleclass=\count304
\@thisrulewidth=\dimen179
)
(/sw/arch/RHEL9/EB_production/2025/software/texlive/20250308-GCC-14.2.0/texmf-d
ist/tex/latex/enumitem/enumitem.sty
Package: enumitem 2025/02/06 v3.11 Customized lists
\labelindent=\skip58
\enit@outerparindent=\dimen180
\enit@toks=\toks34
\enit@inbox=\box56
\enit@count@id=\count305
\enitdp@description=\count306
)
(/sw/arch/RHEL9/EB_production/2025/software/texlive/20250308-GCC-14.2.0/texmf-d
ist/tex/latex/algorithms/algorithm.sty
Package: algorithm 2009/08/24 v0.1 Document Style `algorithm' - floating enviro
nment

(/sw/arch/RHEL9/EB_production/2025/software/texlive/20250308-GCC-14.2.0/texmf-d
ist/tex/latex/float/float.sty
Package: float 2001/11/08 v1.3d Float enhancements (AL)
\c@float@type=\count307
\float@exts=\toks35
\float@box=\box57
\@float@everytoks=\toks36
\@floatcapt=\box58
)
(/sw/arch/RHEL9/EB_production/2025/software/texlive/20250308-GCC-14.2.0/texmf-d
ist/tex/latex/base/ifthen.sty
Package: ifthen 2024/03/16 v1.1e Standard LaTeX ifthen package (DPC)
)
\@float@every@algorithm=\toks37
\c@algorithm=\count308
)
(/sw/arch/RHEL9/EB_production/2025/software/texlive/20250308-GCC-14.2.0/texmf-d
ist/tex/latex/algorithmicx/algpseudocode.sty
Package: algpseudocode 

(/sw/arch/RHEL9/EB_production/2025/software/texlive/20250308-GCC-14.2.0/texmf-d
ist/tex/latex/algorithmicx/algorithmicx.sty
Package: algorithmicx 2005/04/27 v1.2 Algorithmicx

Document Style algorithmicx 1.2 - a greatly improved `algorithmic' style
\c@ALG@line=\count309
\c@ALG@rem=\count310
\c@ALG@nested=\count311
\ALG@tlm=\skip59
\ALG@thistlm=\skip60
\c@ALG@Lnr=\count312
\c@ALG@blocknr=\count313
\c@ALG@storecount=\count314
\c@ALG@tmpcounter=\count315
\ALG@tmplength=\skip61
)
Document Style - pseudocode environments for use with the `algorithmicx' style
)
(/sw/arch/RHEL9/EB_production/2025/software/texlive/20250308-GCC-14.2.0/texmf-d
ist/tex/latex/natbib/natbib.sty
Package: natbib 2010/09/13 8.31b (PWD, AO)
\bibhang=\skip62
\bibsep=\skip63
LaTeX Info: Redefining \cite on input line 694.
\c@NAT@ctr=\count316
)
(/sw/arch/RHEL9/EB_production/2025/software/texlive/20250308-GCC-14.2.0/texmf-d
ist/tex/latex/comment/comment.sty
\CommentStream=\write3
 Excluding comment 'comment')
(/sw/arch/RHEL9/EB_production/2025/software/texlive/20250308-GCC-14.2.0/texmf-d
ist/tex/latex/xcolor/xcolor.sty
Package: xcolor 2024/09/29 v3.02 LaTeX color extensions (UK)

(/sw/arch/RHEL9/EB_production/2025/software/texlive/20250308-GCC-14.2.0/texmf-d
ist/tex/latex/graphics-cfg/color.cfg
File: color.cfg 2016/01/02 v1.6 sample color configuration
)
Package xcolor Info: Driver file: pdftex.def on input line 274.

(/sw/arch/RHEL9/EB_production/2025/software/texlive/20250308-GCC-14.2.0/texmf-d
ist/tex/latex/graphics-def/pdftex.def
File: pdftex.def 2025/09/29 v1.2d Graphics/color driver for pdftex
)
(/sw/arch/RHEL9/EB_production/2025/software/texlive/20250308-GCC-14.2.0/texmf-d
ist/tex/latex/graphics/mathcolor.ltx)
Package xcolor Info: Model `cmy' substituted by `cmy0' on input line 1349.
Package xcolor Info: Model `hsb' substituted by `rgb' on input line 1353.
Package xcolor Info: Model `RGB' extended on input line 1365.
Package xcolor Info: Model `HTML' substituted by `rgb' on input line 1367.
Package xcolor Info: Model `Hsb' substituted by `hsb' on input line 1368.
Package xcolor Info: Model `tHsb' substituted by `hsb' on input line 1369.
Package xcolor Info: Model `HSB' substituted by `hsb' on input line 1370.
Package xcolor Info: Model `Gray' substituted by `gray' on input line 1371.
Package xcolor Info: Model `wave' substituted by `hsb' on input line 1372.
)
(/sw/arch/RHEL9/EB_production/2025/software/texlive/20250308-GCC-14.2.0/texmf-d
ist/tex/latex/hyperref/hyperref.sty
Package: hyperref 2025-07-12 v7.01o Hypertext links for LaTeX

(/sw/arch/RHEL9/EB_production/2025/software/texlive/20250308-GCC-14.2.0/texmf-d
ist/tex/latex/kvsetkeys/kvsetkeys.sty
Package: kvsetkeys 2022-10-05 v1.19 Key value parser (HO)
)
(/sw/arch/RHEL9/EB_production/2025/software/texlive/20250308-GCC-14.2.0/texmf-d
ist/tex/generic/kvdefinekeys/kvdefinekeys.sty
Package: kvdefinekeys 2019-12-19 v1.6 Define keys (HO)
)
(/sw/arch/RHEL9/EB_production/2025/software/texlive/20250308-GCC-14.2.0/texmf-d
ist/tex/generic/pdfescape/pdfescape.sty
Package: pdfescape 2019/12/09 v1.15 Implements pdfTeX's escape features (HO)

(/sw/arch/RHEL9/EB_production/2025/software/texlive/20250308-GCC-14.2.0/texmf-d
ist/tex/generic/ltxcmds/ltxcmds.sty
Package: ltxcmds 2023-12-04 v1.26 LaTeX kernel commands for general use (HO)
)
(/sw/arch/RHEL9/EB_production/2025/software/texlive/20250308-GCC-14.2.0/texmf-d
ist/tex/generic/pdftexcmds/pdftexcmds.sty
Package: pdftexcmds 2020-06-27 v0.33 Utility functions of pdfTeX for LuaTeX (HO
)

(/sw/arch/RHEL9/EB_production/2025/software/texlive/20250308-GCC-14.2.0/texmf-d
ist/tex/generic/infwarerr/infwarerr.sty
Package: infwarerr 2019/12/03 v1.5 Providing info/warning/error messages (HO)
)
Package pdftexcmds Info: \pdf@primitive is available.
Package pdftexcmds Info: \pdf@ifprimitive is available.
Package pdftexcmds Info: \pdfdraftmode found.
))
(/sw/arch/RHEL9/EB_production/2025/software/texlive/20250308-GCC-14.2.0/texmf-d
ist/tex/latex/hycolor/hycolor.sty
Package: hycolor 2020-01-27 v1.10 Color options for hyperref/bookmark (HO)
)
(/sw/arch/RHEL9/EB_production/2025/software/texlive/20250308-GCC-14.2.0/texmf-d
ist/tex/latex/hyperref/nameref.sty
Package: nameref 2025-06-21 v2.57 Cross-referencing by name of section

(/sw/arch/RHEL9/EB_production/2025/software/texlive/20250308-GCC-14.2.0/texmf-d
ist/tex/latex/refcount/refcount.sty
Package: refcount 2019/12/15 v3.6 Data extraction from label references (HO)
)
(/sw/arch/RHEL9/EB_production/2025/software/texlive/20250308-GCC-14.2.0/texmf-d
ist/tex/generic/gettitlestring/gettitlestring.sty
Package: gettitlestring 2019/12/15 v1.6 Cleanup title references (HO)

(/sw/arch/RHEL9/EB_production/2025/software/texlive/20250308-GCC-14.2.0/texmf-d
ist/tex/latex/kvoptions/kvoptions.sty
Package: kvoptions 2022-06-15 v3.15 Key value format for package options (HO)
))
\c@section@level=\count317
)
(/sw/arch/RHEL9/EB_production/2025/software/texlive/20250308-GCC-14.2.0/texmf-d
ist/tex/generic/stringenc/stringenc.sty
Package: stringenc 2019/11/29 v1.12 Convert strings between diff. encodings (HO
)
)
\@linkdim=\dimen181
\Hy@linkcounter=\count318
\Hy@pagecounter=\count319

(/sw/arch/RHEL9/EB_production/2025/software/texlive/20250308-GCC-14.2.0/texmf-d
ist/tex/latex/hyperref/pd1enc.def
File: pd1enc.def 2025-07-12 v7.01o Hyperref: PDFDocEncoding definition (HO)
Now handling font encoding PD1 ...
... no UTF-8 mapping file for font encoding PD1
)
(/sw/arch/RHEL9/EB_production/2025/software/texlive/20250308-GCC-14.2.0/texmf-d
ist/tex/generic/intcalc/intcalc.sty
Package: intcalc 2019/12/15 v1.3 Expandable calculations with integers (HO)
)
\Hy@SavedSpaceFactor=\count320

(/sw/arch/RHEL9/EB_production/2025/software/texlive/20250308-GCC-14.2.0/texmf-d
ist/tex/latex/hyperref/puenc.def
File: puenc.def 2025-07-12 v7.01o Hyperref: PDF Unicode definition (HO)
Now handling font encoding PU ...
... no UTF-8 mapping file for font encoding PU
)
Package hyperref Info: Hyper figures OFF on input line 4195.
Package hyperref Info: Link nesting OFF on input line 4200.
Package hyperref Info: Hyper index ON on input line 4203.
Package hyperref Info: Plain pages OFF on input line 4210.
Package hyperref Info: Backreferencing OFF on input line 4215.
Package hyperref Info: Implicit mode ON; LaTeX internals redefined.
Package hyperref Info: Bookmarks ON on input line 4462.
\c@Hy@tempcnt=\count321

(/sw/arch/RHEL9/EB_production/2025/software/texlive/20250308-GCC-14.2.0/texmf-d
ist/tex/latex/url/url.sty
\Urlmuskip=\muskip18
Package: url 2013/09/16  ver 3.4  Verb mode for urls, etc.
)
LaTeX Info: Redefining \url on input line 4801.
\XeTeXLinkMargin=\dimen182

(/sw/arch/RHEL9/EB_production/2025/software/texlive/20250308-GCC-14.2.0/texmf-d
ist/tex/generic/bitset/bitset.sty
Package: bitset 2019/12/09 v1.3 Handle bit-vector datatype (HO)

(/sw/arch/RHEL9/EB_production/2025/software/texlive/20250308-GCC-14.2.0/texmf-d
ist/tex/generic/bigintcalc/bigintcalc.sty
Package: bigintcalc 2019/12/15 v1.5 Expandable calculations on big integers (HO
)
))
\Fld@menulength=\count322
\Field@Width=\dimen183
\Fld@charsize=\dimen184
Package hyperref Info: Hyper figures OFF on input line 6078.
Package hyperref Info: Link nesting OFF on input line 6083.
Package hyperref Info: Hyper index ON on input line 6086.
Package hyperref Info: backreferencing OFF on input line 6093.
Package hyperref Info: Link coloring OFF on input line 6098.
Package hyperref Info: Link coloring with OCG OFF on input line 6103.
Package hyperref Info: PDF/A mode OFF on input line 6108.
\Hy@abspage=\count323
\c@Item=\count324
\c@Hfootnote=\count325
)
Package hyperref Info: Driver (autodetected): hpdftex.

(/sw/arch/RHEL9/EB_production/2025/software/texlive/20250308-GCC-14.2.0/texmf-d
ist/tex/latex/hyperref/hpdftex.def
File: hpdftex.def 2025-07-12 v7.01o Hyperref driver for pdfTeX
\Fld@listcount=\count326
\c@bookmark@seq@number=\count327

(/sw/arch/RHEL9/EB_production/2025/software/texlive/20250308-GCC-14.2.0/texmf-d
ist/tex/latex/rerunfilecheck/rerunfilecheck.sty
Package: rerunfilecheck 2025-06-21 v1.11 Rerun checks for auxiliary files (HO)

(/sw/arch/RHEL9/EB_production/2025/software/texlive/20250308-GCC-14.2.0/texmf-d
ist/tex/generic/uniquecounter/uniquecounter.sty
Package: uniquecounter 2019/12/15 v1.4 Provide unlimited unique counter (HO)
)
Package uniquecounter Info: New unique counter `rerunfilecheck' on input line 2
84.
)
\Hy@SectionHShift=\skip64
)
\c@theorem=\count328
\c@corollary=\count329
\c@proposition=\count330
LaTeX Font Info:    Trying to load font information for T1+lmr on input line 38
.

(/sw/arch/RHEL9/EB_production/2025/software/texlive/20250308-GCC-14.2.0/texmf-d
ist/tex/latex/lm/t1lmr.fd
File: t1lmr.fd 2015/05/01 v1.6.1 Font defs for Latin Modern
)
(/sw/arch/RHEL9/EB_production/2025/software/texlive/20250308-GCC-14.2.0/texmf-d
ist/tex/latex/l3backend/l3backend-pdftex.def
File: l3backend-pdftex.def 2025-06-09 L3 backend support: PDF output (pdfTeX)
\l__color_backend_stack_int=\count331
) (./main.aux)
\openout1 = `main.aux'.

LaTeX Font Info:    Checking defaults for OML/cmm/m/it on input line 38.
LaTeX Font Info:    ... okay on input line 38.
LaTeX Font Info:    Checking defaults for OMS/cmsy/m/n on input line 38.
LaTeX Font Info:    ... okay on input line 38.
LaTeX Font Info:    Checking defaults for OT1/cmr/m/n on input line 38.
LaTeX Font Info:    ... okay on input line 38.
LaTeX Font Info:    Checking defaults for T1/cmr/m/n on input line 38.
LaTeX Font Info:    ... okay on input line 38.
LaTeX Font Info:    Checking defaults for TS1/cmr/m/n on input line 38.
LaTeX Font Info:    ... okay on input line 38.
LaTeX Font Info:    Checking defaults for OMX/cmex/m/n on input line 38.
LaTeX Font Info:    ... okay on input line 38.
LaTeX Font Info:    Checking defaults for U/cmr/m/n on input line 38.
LaTeX Font Info:    ... okay on input line 38.
LaTeX Font Info:    Checking defaults for PD1/pdf/m/n on input line 38.
LaTeX Font Info:    ... okay on input line 38.
LaTeX Font Info:    Checking defaults for PU/pdf/m/n on input line 38.
LaTeX Font Info:    ... okay on input line 38.

*geometry* driver: auto-detecting
*geometry* detected driver: pdftex
*geometry* verbose mode - [ preamble ] result:
* driver: pdftex
* paper: <default>
* layout: <same size as paper>
* layoutoffset:(h,v)=(0.0pt,0.0pt)
* modes: 
* h-part:(L,W,R)=(72.26999pt, 469.75502pt, 72.26999pt)
* v-part:(T,H,B)=(72.26999pt, 650.43001pt, 72.26999pt)
* \paperwidth=614.295pt
* \paperheight=794.96999pt
* \textwidth=469.75502pt
* \textheight=650.43001pt
* \oddsidemargin=0.0pt
* \evensidemargin=0.0pt
* \topmargin=-37.0pt
* \headheight=12.0pt
* \headsep=25.0pt
* \topskip=11.0pt
* \footskip=30.0pt
* \marginparwidth=59.0pt
* \marginparsep=10.0pt
* \columnsep=10.0pt
* \skip\footins=10.0pt plus 4.0pt minus 2.0pt
* \hoffset=0.0pt
* \voffset=0.0pt
* \mag=1000
* \@twocolumnfalse
* \@twosidefalse
* \@mparswitchfalse
* \@reversemarginfalse
* (1in=72.27pt=25.4mm, 1cm=28.453pt)

LaTeX Info: Redefining \microtypecontext on input line 38.
Package microtype Info: Applying patch `item' on input line 38.
Package microtype Info: Applying patch `toc' on input line 38.
Package microtype Info: Applying patch `eqnum' on input line 38.
Package microtype Info: Applying patch `footnote' on input line 38.
Package microtype Info: Applying patch `verbatim' on input line 38.
LaTeX Info: Redefining \microtypesetup on input line 38.
Package microtype Info: Generating PDF output.
Package microtype Info: Character protrusion enabled (level 2).
Package microtype Info: Using default protrusion set `alltext'.
Package microtype Info: Automatic font expansion enabled (level 2),
(microtype)             stretch: 20, shrink: 20, step: 1, non-selected.
Package microtype Info: Using default expansion set `alltext-nott'.
Package microtype Info: Patching command `\showhyphens'.
Package microtype Info: No adjustment of tracking.
Package microtype Info: No adjustment of interword spacing.
Package microtype Info: No adjustment of character kerning.

(/sw/arch/RHEL9/EB_production/2025/software/texlive/20250308-GCC-14.2.0/texmf-d
ist/tex/latex/microtype/mt-cmr.cfg
File: mt-cmr.cfg 2013/05/19 v2.2 microtype config. file: Computer Modern Roman 
(RS)
)
(/sw/arch/RHEL9/EB_production/2025/software/texlive/20250308-GCC-14.2.0/texmf-d
ist/tex/context/base/mkii/supp-pdf.mkii
[Loading MPS to PDF converter (version 2006.09.02).]
\scratchcounter=\count332
\scratchdimen=\dimen185
\scratchbox=\box59
\nofMPsegments=\count333
\nofMParguments=\count334
\everyMPshowfont=\toks38
\MPscratchCnt=\count335
\MPscratchDim=\dimen186
\MPnumerator=\count336
\makeMPintoPDFobject=\count337
\everyMPtoPDFconversion=\toks39
)
Package hyperref Info: Link coloring OFF on input line 38.
 (./main.out) (./main.out)
\@outlinefile=\write4
\openout4 = `main.out'.

LaTeX Font Info:    Trying to load font information for OT1+lmr on input line 4
0.

(/sw/arch/RHEL9/EB_production/2025/software/texlive/20250308-GCC-14.2.0/texmf-d
ist/tex/latex/lm/ot1lmr.fd
File: ot1lmr.fd 2015/05/01 v1.6.1 Font defs for Latin Modern
)
LaTeX Font Info:    Trying to load font information for OML+lmm on input line 4
0.

(/sw/arch/RHEL9/EB_production/2025/software/texlive/20250308-GCC-14.2.0/texmf-d
ist/tex/latex/lm/omllmm.fd
File: omllmm.fd 2015/05/01 v1.6.1 Font defs for Latin Modern
)
LaTeX Font Info:    Trying to load font information for OMS+lmsy on input line 
40.

(/sw/arch/RHEL9/EB_production/2025/software/texlive/20250308-GCC-14.2.0/texmf-d
ist/tex/latex/lm/omslmsy.fd
File: omslmsy.fd 2015/05/01 v1.6.1 Font defs for Latin Modern
)
LaTeX Font Info:    Trying to load font information for OMX+lmex on input line 
40.

(/sw/arch/RHEL9/EB_production/2025/software/texlive/20250308-GCC-14.2.0/texmf-d
ist/tex/latex/lm/omxlmex.fd
File: omxlmex.fd 2015/05/01 v1.6.1 Font defs for Latin Modern
)
LaTeX Font Info:    External font `lmex10' loaded for size
(Font)              <12> on input line 40.
LaTeX Font Info:    External font `lmex10' loaded for size
(Font)              <8> on input line 40.
LaTeX Font Info:    External font `lmex10' loaded for size
(Font)              <6> on input line 40.
LaTeX Font Info:    Trying to load font information for U+msa on input line 40.


(/sw/arch/RHEL9/EB_production/2025/software/texlive/20250308-GCC-14.2.0/texmf-d
ist/tex/latex/amsfonts/umsa.fd
File: umsa.fd 2013/01/14 v3.01 AMS symbols A
)
(/sw/arch/RHEL9/EB_production/2025/software/texlive/20250308-GCC-14.2.0/texmf-d
ist/tex/latex/microtype/mt-msa.cfg
File: mt-msa.cfg 2006/02/04 v1.1 microtype config. file: AMS symbols (a) (RS)
)
LaTeX Font Info:    Trying to load font information for U+msb on input line 40.


(/sw/arch/RHEL9/EB_production/2025/software/texlive/20250308-GCC-14.2.0/texmf-d
ist/tex/latex/amsfonts/umsb.fd
File: umsb.fd 2013/01/14 v3.01 AMS symbols B
)
(/sw/arch/RHEL9/EB_production/2025/software/texlive/20250308-GCC-14.2.0/texmf-d
ist/tex/latex/microtype/mt-msb.cfg
File: mt-msb.cfg 2005/06/01 v1.0 microtype config. file: AMS symbols (b) (RS)
)
LaTeX Font Info:    External font `lmex10' loaded for size
(Font)              <10.95> on input line 54.


[1

{/gpfs/admin/_hpc/sw/arch/AMD-ZEN2/RHEL9/EB_production/2025/software/texlive/20
250308-GCC-14.2.0/texmf-var/fonts/map/pdftex/updmap/pdftex.map}{/sw/arch/RHEL9/
EB_production/2025/software/texlive/20250308-GCC-14.2.0/texmf-dist/fonts/enc/dv
ips/lm/lm-ec.enc}{/sw/arch/RHEL9/EB_production/2025/software/texlive/20250308-G
CC-14.2.0/texmf-dist/fonts/enc/dvips/lm/lm-mathit.enc}{/sw/arch/RHEL9/EB_produc
tion/2025/software/texlive/20250308-GCC-14.2.0/texmf-dist/fonts/enc/dvips/lm/lm
-rm.enc}{/sw/arch/RHEL9/EB_production/2025/software/texlive/20250308-GCC-14.2.0
/texmf-dist/fonts/enc/dvips/lm/lm-mathsy.enc}{/sw/arch/RHEL9/EB_production/2025
/software/texlive/20250308-GCC-14.2.0/texmf-dist/fonts/enc/dvips/lm/lm-mathex.e
nc}]

[2]

[3]

[4]
Package hyperref Info: bookmark level for unknown algorithm defaults to 0 on in
put line 161.


[5]

[6]

[7]

[8]
Overfull \hbox (60.12509pt too wide) in paragraph at lines 401--402
\T1/lmr/m/n/10.95 (-20) paraphrase/similarity $\OMS/lmsy/m/n/10.95 f[]\OML/lmm/
m/it/10.95 ; []; []\OMS/lmsy/m/n/10.95 g$\T1/lmr/m/n/10.95 (-20) , en-tail-ment
 $\OMS/lmsy/m/n/10.95 f[]\OML/lmm/m/it/10.95 ; []; []\OMS/lmsy/m/n/10.95 g$\T1/
lmr/m/n/10.95 (-20) , single-sentence $\OMS/lmsy/m/n/10.95 f[]\OML/lmm/m/it/10.
95 ; []\OMS/lmsy/m/n/10.95 g$\T1/lmr/m/n/10.95 (-20) ---
 []



[9]

[10]
LaTeX Font Info:    Trying to load font information for T1+lmtt on input line 4
46.

(/sw/arch/RHEL9/EB_production/2025/software/texlive/20250308-GCC-14.2.0/texmf-d
ist/tex/latex/lm/t1lmtt.fd
File: t1lmtt.fd 2015/05/01 v1.6.1 Font defs for Latin Modern
)
Package microtype Info: Loading generic protrusion settings for font family
(microtype)             `lmtt' (encoding: T1).
(microtype)             For optimal results, create family-specific settings.
(microtype)             See the microtype manual for details.


[11]

[12]
LaTeX Font Info:    External font `lmex10' loaded for size
(Font)              <9> on input line 495.
LaTeX Font Info:    External font `lmex10' loaded for size
(Font)              <5> on input line 495.


[13]

[14]
LaTeX Font Info:    External font `lmex10' loaded for size
(Font)              <10> on input line 541.
LaTeX Font Info:    External font `lmex10' loaded for size
(Font)              <7> on input line 541.


[15]

[16]

[17]

[18]

[19]

[20]

[21]

[22]

[23]

[24]

[25]

[26]

[27] (./main.aux)
 ***********
LaTeX2e <2025-06-01> patch level 1
L3 programming layer <2025-09-02>
 ***********
Package rerunfilecheck Info: File `main.out' has not changed.
(rerunfilecheck)             Checksum: 07DD6E61CA7E8F7BA32486EFE422B736;3033.
 ) 
Here is how much of TeX's memory you used:
 14896 strings out of 467748
 238055 string characters out of 5389453
 703492 words of memory out of 5000000
 42873 multiletter control sequences out of 15000+600000
 755067 words of font info for 291 fonts, out of 8000000 for 9000
 1141 hyphenation exceptions out of 8191
 75i,10n,79p,3203b,630s stack positions out of 10000i,1000n,20000p,200000b,200000s
</sw/arch/RHEL9/EB_production/2025/software/texlive/20250308-GCC-14.2.0/texmf
-dist/fonts/type1/public/lm/lmbx10.pfb></sw/arch/RHEL9/EB_production/2025/softw
are/texlive/20250308-GCC-14.2.0/texmf-dist/fonts/type1/public/lm/lmbx12.pfb></s
w/arch/RHEL9/EB_production/2025/software/texlive/20250308-GCC-14.2.0/texmf-dist
/fonts/type1/public/lm/lmbx9.pfb></sw/arch/RHEL9/EB_production/2025/software/te
xlive/20250308-GCC-14.2.0/texmf-dist/fonts/type1/public/lm/lmex10.pfb></sw/arch
/RHEL9/EB_production/2025/software/texlive/20250308-GCC-14.2.0/texmf-dist/fonts
/type1/public/lm/lmmi10.pfb></sw/arch/RHEL9/EB_production/2025/software/texlive
/20250308-GCC-14.2.0/texmf-dist/fonts/type1/public/lm/lmmi6.pfb></sw/arch/RHEL9
/EB_production/2025/software/texlive/20250308-GCC-14.2.0/texmf-dist/fonts/type1
/public/lm/lmmi7.pfb></sw/arch/RHEL9/EB_production/2025/software/texlive/202503
08-GCC-14.2.0/texmf-dist/fonts/type1/public/lm/lmmi8.pfb></sw/arch/RHEL9/EB_pro
duction/2025/software/texlive/20250308-GCC-14.2.0/texmf-dist/fonts/type1/public
/lm/lmmi9.pfb></sw/arch/RHEL9/EB_production/2025/software/texlive/20250308-GCC-
14.2.0/texmf-dist/fonts/type1/public/lm/lmr10.pfb></sw/arch/RHEL9/EB_production
/2025/software/texlive/20250308-GCC-14.2.0/texmf-dist/fonts/type1/public/lm/lmr
12.pfb></sw/arch/RHEL9/EB_production/2025/software/texlive/20250308-GCC-14.2.0/
texmf-dist/fonts/type1/public/lm/lmr17.pfb></sw/arch/RHEL9/EB_production/2025/s
oftware/texlive/20250308-GCC-14.2.0/texmf-dist/fonts/type1/public/lm/lmr6.pfb><
/sw/arch/RHEL9/EB_production/2025/software/texlive/20250308-GCC-14.2.0/texmf-di
st/fonts/type1/public/lm/lmr8.pfb></sw/arch/RHEL9/EB_production/2025/software/t
exlive/20250308-GCC-14.2.0/texmf-dist/fonts/type1/public/lm/lmr9.pfb></sw/arch/
RHEL9/EB_production/2025/software/texlive/20250308-GCC-14.2.0/texmf-dist/fonts/
type1/public/lm/lmri10.pfb></sw/arch/RHEL9/EB_production/2025/software/texlive/
20250308-GCC-14.2.0/texmf-dist/fonts/type1/public/lm/lmsy10.pfb></sw/arch/RHEL9
/EB_production/2025/software/texlive/20250308-GCC-14.2.0/texmf-dist/fonts/type1
/public/lm/lmsy7.pfb></sw/arch/RHEL9/EB_production/2025/software/texlive/202503
08-GCC-14.2.0/texmf-dist/fonts/type1/public/lm/lmsy8.pfb></sw/arch/RHEL9/EB_pro
duction/2025/software/texlive/20250308-GCC-14.2.0/texmf-dist/fonts/type1/public
/lm/lmtt10.pfb></sw/arch/RHEL9/EB_production/2025/software/texlive/20250308-GCC
-14.2.0/texmf-dist/fonts/type1/public/amsfonts/symbols/msam10.pfb></sw/arch/RHE
L9/EB_production/2025/software/texlive/20250308-GCC-14.2.0/texmf-dist/fonts/typ
e1/public/amsfonts/symbols/msbm10.pfb>
Output written on main.pdf (27 pages, 490809 bytes).
PDF statistics:
 596 PDF objects out of 1000 (max. 8388607)
 508 compressed objects within 6 object streams
 139 named destinations out of 1000 (max. 500000)
 66161 words of extra memory for PDF output out of 74296 (max. 10000000)

