This is pdfTeX, Version 3.141592653-2.6-1.40.25 (TeX Live 2023) (preloaded format=pdflatex 2024.2.9)  13 AUG 2026 22:22
entering extended mode
 restricted \write18 enabled.
 file:line:error style messages enabled.
 %&-line parsing enabled.
**/home/20250638/ModelMerging/paperICLR/main.tex
(/home/20250638/ModelMerging/paperICLR/main.tex
LaTeX2e <2023-11-01> patch level 1
L3 programming layer <2024-01-22>
(/vast.mnt/sw/rl8/zen/app/texlive/20230313-GCC-11.3.0/texmf-dist/tex/latex/base/article.cls
Document Class: article 2023/05/17 v1.4n Standard LaTeX document class
(/vast.mnt/sw/rl8/zen/app/texlive/20230313-GCC-11.3.0/texmf-dist/tex/latex/base/size10.clo
File: size10.clo 2023/05/17 v1.4n Standard LaTeX file (size option)
)
\c@part=\count187
\c@section=\count188
\c@subsection=\count189
\c@subsubsection=\count190
\c@paragraph=\count191
\c@subparagraph=\count192
\c@figure=\count193
\c@table=\count194
\abovecaptionskip=\skip48
\belowcaptionskip=\skip49
\bibindent=\dimen140
) (./iclr2027_conference.sty (/vast.mnt/sw/rl8/zen/app/texlive/20230313-GCC-11.3.0/texmf-dist/tex/latex/eso-pic/eso-pic.sty
Package: eso-pic 2023/05/03 v3.0c eso-pic (RN)
\ESO@tempdima=\dimen141
\ESO@tempdimb=\dimen142
 (/vast.mnt/sw/rl8/zen/app/texlive/20230313-GCC-11.3.0/texmf-dist/tex/latex/graphics/keyval.sty
Package: keyval 2022/05/29 v1.15 key=value parser (DPC)
\KV@toks@=\toks17
) (/vast.mnt/sw/rl8/zen/app/texlive/20230313-GCC-11.3.0/texmf-dist/tex/latex/xcolor/xcolor.sty
Package: xcolor 2023/11/15 v3.01 LaTeX color extensions (UK)
 (/vast.mnt/sw/rl8/zen/app/texlive/20230313-GCC-11.3.0/texmf-dist/tex/latex/graphics-cfg/color.cfg
File: color.cfg 2016/01/02 v1.6 sample color configuration
)
Package xcolor Info: Driver file: pdftex.def on input line 274.
 (/vast.mnt/sw/rl8/zen/app/texlive/20230313-GCC-11.3.0/texmf-dist/tex/latex/graphics-def/pdftex.def
File: pdftex.def 2022/09/22 v1.2b Graphics/color driver for pdftex
) (/vast.mnt/sw/rl8/zen/app/texlive/20230313-GCC-11.3.0/texmf-dist/tex/latex/graphics/mathcolor.ltx)
Package xcolor Info: Model `cmy' substituted by `cmy0' on input line 1350.
Package xcolor Info: Model `hsb' substituted by `rgb' on input line 1354.
Package xcolor Info: Model `RGB' extended on input line 1366.
Package xcolor Info: Model `HTML' substituted by `rgb' on input line 1368.
Package xcolor Info: Model `Hsb' substituted by `hsb' on input line 1369.
Package xcolor Info: Model `tHsb' substituted by `hsb' on input line 1370.
Package xcolor Info: Model `HSB' substituted by `hsb' on input line 1371.
Package xcolor Info: Model `Gray' substituted by `gray' on input line 1372.
Package xcolor Info: Model `wave' substituted by `hsb' on input line 1373.
)) (./fancyhdr.sty
\fancy@headwidth=\skip50
\f@ncyO@elh=\skip51
\f@ncyO@erh=\skip52
\f@ncyO@olh=\skip53
\f@ncyO@orh=\skip54
\f@ncyO@elf=\skip55
\f@ncyO@erf=\skip56
\f@ncyO@olf=\skip57
\f@ncyO@orf=\skip58
) (./natbib.sty
Package: natbib 2009/07/16 8.31 (PWD, AO)
\bibhang=\skip59
\bibsep=\skip60
LaTeX Info: Redefining \cite on input line 694.
\c@NAT@ctr=\count195
)
\iclrrulerbox=\box51
\iclrrulercount=\count196
\iclrruleroffset=\dimen143
\cv@lineheight=\dimen144
\cv@boxheight=\dimen145
\cv@tmpbox=\box52
\cv@refno=\count197
\cv@tot=\count198
\cv@tmpc@=\count199
\cv@tmpc=\count266
) (/vast.mnt/sw/rl8/zen/app/texlive/20230313-GCC-11.3.0/texmf-dist/tex/latex/psnfss/times.sty
Package: times 2020/03/25 PSNFSS-v9.3 (SPQR) 
) (/vast.mnt/sw/rl8/zen/app/texlive/20230313-GCC-11.3.0/texmf-dist/tex/latex/base/fontenc.sty
Package: fontenc 2021/04/29 v2.0v Standard LaTeX package
LaTeX Font Info:    Trying to load font information for T1+ptm on input line 112.
 (/vast.mnt/sw/rl8/zen/app/texlive/20230313-GCC-11.3.0/texmf-dist/tex/latex/psnfss/t1ptm.fd
File: t1ptm.fd 2001/06/04 font definitions for T1/ptm.
)) (/vast.mnt/sw/rl8/zen/app/texlive/20230313-GCC-11.3.0/texmf-dist/tex/latex/base/inputenc.sty
Package: inputenc 2021/02/14 v1.3d Input encoding file
\inpenc@prehook=\toks18
\inpenc@posthook=\toks19
) (/vast.mnt/sw/rl8/zen/app/texlive/20230313-GCC-11.3.0/texmf-dist/tex/latex/microtype/microtype.sty
Package: microtype 2023/03/13 v3.1a Micro-typographical refinements (RS)
 (/vast.mnt/sw/rl8/zen/app/texlive/20230313-GCC-11.3.0/texmf-dist/tex/latex/etoolbox/etoolbox.sty
Package: etoolbox 2020/10/05 v2.5k e-TeX tools for LaTeX (JAW)
\etb@tempcnta=\count267
)
\MT@toks=\toks20
\MT@tempbox=\box53
\MT@count=\count268
LaTeX Info: Redefining \noprotrusionifhmode on input line 1059.
LaTeX Info: Redefining \leftprotrusion on input line 1060.
\MT@prot@toks=\toks21
LaTeX Info: Redefining \rightprotrusion on input line 1078.
LaTeX Info: Redefining \textls on input line 1368.
\MT@outer@kern=\dimen146
LaTeX Info: Redefining \textmicrotypecontext on input line 1988.
\MT@listname@count=\count269
 (/vast.mnt/sw/rl8/zen/app/texlive/20230313-GCC-11.3.0/texmf-dist/tex/latex/microtype/microtype-pdftex.def
File: microtype-pdftex.def 2023/03/13 v3.1a Definitions specific to pdftex (RS)
LaTeX Info: Redefining \lsstyle on input line 902.
LaTeX Info: Redefining \lslig on input line 902.
\MT@outer@space=\skip61
)
Package microtype Info: Loading configuration file microtype.cfg.
 (/vast.mnt/sw/rl8/zen/app/texlive/20230313-GCC-11.3.0/texmf-dist/tex/latex/microtype/microtype.cfg
File: microtype.cfg 2023/03/13 v3.1a microtype main configuration file (RS)
)) (/vast.mnt/sw/rl8/zen/app/texlive/20230313-GCC-11.3.0/texmf-dist/tex/latex/amsmath/amsmath.sty
Package: amsmath 2023/05/13 v2.17o AMS math features
\@mathmargin=\skip62

For additional information on amsmath, use the `?' option.
(/vast.mnt/sw/rl8/zen/app/texlive/20230313-GCC-11.3.0/texmf-dist/tex/latex/amsmath/amstext.sty
Package: amstext 2021/08/26 v2.01 AMS text
 (/vast.mnt/sw/rl8/zen/app/texlive/20230313-GCC-11.3.0/texmf-dist/tex/latex/amsmath/amsgen.sty
File: amsgen.sty 1999/11/30 v2.0 generic functions
\@emptytoks=\toks22
\ex@=\dimen147
)) (/vast.mnt/sw/rl8/zen/app/texlive/20230313-GCC-11.3.0/texmf-dist/tex/latex/amsmath/amsbsy.sty
Package: amsbsy 1999/11/29 v1.2d Bold Symbols
\pmbraise@=\dimen148
) (/vast.mnt/sw/rl8/zen/app/texlive/20230313-GCC-11.3.0/texmf-dist/tex/latex/amsmath/amsopn.sty
Package: amsopn 2022/04/08 v2.04 operator names
)
\inf@bad=\count270
LaTeX Info: Redefining \frac on input line 234.
\uproot@=\count271
\leftroot@=\count272
LaTeX Info: Redefining \overline on input line 399.
LaTeX Info: Redefining \colon on input line 410.
\classnum@=\count273
\DOTSCASE@=\count274
LaTeX Info: Redefining \ldots on input line 496.
LaTeX Info: Redefining \dots on input line 499.
LaTeX Info: Redefining \cdots on input line 620.
\Mathstrutbox@=\box54
\strutbox@=\box55
LaTeX Info: Redefining \big on input line 722.
LaTeX Info: Redefining \Big on input line 723.
LaTeX Info: Redefining \bigg on input line 724.
LaTeX Info: Redefining \Bigg on input line 725.
\big@size=\dimen149
LaTeX Font Info:    Redeclaring font encoding OML on input line 743.
LaTeX Font Info:    Redeclaring font encoding OMS on input line 744.
\macc@depth=\count275
LaTeX Info: Redefining \bmod on input line 905.
LaTeX Info: Redefining \pmod on input line 910.
LaTeX Info: Redefining \smash on input line 940.
LaTeX Info: Redefining \relbar on input line 970.
LaTeX Info: Redefining \Relbar on input line 971.
\c@MaxMatrixCols=\count276
\dotsspace@=\muskip16
\c@parentequation=\count277
\dspbrk@lvl=\count278
\tag@help=\toks23
\row@=\count279
\column@=\count280
\maxfields@=\count281
\andhelp@=\toks24
\eqnshift@=\dimen150
\alignsep@=\dimen151
\tagshift@=\dimen152
\tagwidth@=\dimen153
\totwidth@=\dimen154
\lineht@=\dimen155
\@envbody=\toks25
\multlinegap=\skip63
\multlinetaggap=\skip64
\mathdisplay@stack=\toks26
LaTeX Info: Redefining \[ on input line 2953.
LaTeX Info: Redefining \] on input line 2954.
) (/vast.mnt/sw/rl8/zen/app/texlive/20230313-GCC-11.3.0/texmf-dist/tex/latex/amsfonts/amssymb.sty
Package: amssymb 2013/01/14 v3.01 AMS font symbols
 (/vast.mnt/sw/rl8/zen/app/texlive/20230313-GCC-11.3.0/texmf-dist/tex/latex/amsfonts/amsfonts.sty
Package: amsfonts 2013/01/14 v3.01 Basic AMSFonts support
\symAMSa=\mathgroup4
\symAMSb=\mathgroup5
LaTeX Font Info:    Redeclaring math symbol \hbar on input line 98.
LaTeX Font Info:    Overwriting math alphabet `\mathfrak' in version `bold'
(Font)                  U/euf/m/n --> U/euf/b/n on input line 106.
)) (/vast.mnt/sw/rl8/zen/app/texlive/20230313-GCC-11.3.0/texmf-dist/tex/latex/amscls/amsthm.sty
Package: amsthm 2020/05/29 v2.20.6
\thm@style=\toks27
\thm@bodyfont=\toks28
\thm@headfont=\toks29
\thm@notefont=\toks30
\thm@headpunct=\toks31
\thm@preskip=\skip65
\thm@postskip=\skip66
\thm@headsep=\skip67
\dth@everypar=\toks32
) (/vast.mnt/sw/rl8/zen/app/texlive/20230313-GCC-11.3.0/texmf-dist/tex/latex/booktabs/booktabs.sty
Package: booktabs 2020/01/12 v1.61803398 Publication quality tables
\heavyrulewidth=\dimen156
\lightrulewidth=\dimen157
\cmidrulewidth=\dimen158
\belowrulesep=\dimen159
\belowbottomsep=\dimen160
\aboverulesep=\dimen161
\abovetopsep=\dimen162
\cmidrulesep=\dimen163
\cmidrulekern=\dimen164
\defaultaddspace=\dimen165
\@cmidla=\count282
\@cmidlb=\count283
\@aboverulesep=\dimen166
\@belowrulesep=\dimen167
\@thisruleclass=\count284
\@lastruleclass=\count285
\@thisrulewidth=\dimen168
) (/vast.mnt/sw/rl8/zen/app/texlive/20230313-GCC-11.3.0/texmf-dist/tex/latex/graphics/graphicx.sty
Package: graphicx 2021/09/16 v1.2d Enhanced LaTeX Graphics (DPC,SPQR)
 (/vast.mnt/sw/rl8/zen/app/texlive/20230313-GCC-11.3.0/texmf-dist/tex/latex/graphics/graphics.sty
Package: graphics 2022/03/10 v1.4e Standard LaTeX Graphics (DPC,SPQR)
 (/vast.mnt/sw/rl8/zen/app/texlive/20230313-GCC-11.3.0/texmf-dist/tex/latex/graphics/trig.sty
Package: trig 2021/08/11 v1.11 sin cos tan (DPC)
) (/vast.mnt/sw/rl8/zen/app/texlive/20230313-GCC-11.3.0/texmf-dist/tex/latex/graphics-cfg/graphics.cfg
File: graphics.cfg 2016/06/04 v1.11 sample graphics configuration
)
Package graphics Info: Driver file: pdftex.def on input line 107.
)
\Gin@req@height=\dimen169
\Gin@req@width=\dimen170
) (/vast.mnt/sw/rl8/zen/app/texlive/20230313-GCC-11.3.0/texmf-dist/tex/latex/enumitem/enumitem.sty
Package: enumitem 2019/06/20 v3.9 Customized lists
\labelindent=\skip68
\enit@outerparindent=\dimen171
\enit@toks=\toks33
\enit@inbox=\box56
\enit@count@id=\count286
\enitdp@description=\count287
) (/vast.mnt/sw/rl8/zen/app/texlive/20230313-GCC-11.3.0/texmf-dist/tex/latex/float/float.sty
Package: float 2001/11/08 v1.3d Float enhancements (AL)
\c@float@type=\count288
\float@exts=\toks34
\float@box=\box57
\@float@everytoks=\toks35
\@floatcapt=\box58
) (/vast.mnt/sw/rl8/zen/app/texlive/20230313-GCC-11.3.0/texmf-dist/tex/latex/algorithms/algorithm.sty
Package: algorithm 2009/08/24 v0.1 Document Style `algorithm' - floating environment
 (/vast.mnt/sw/rl8/zen/app/texlive/20230313-GCC-11.3.0/texmf-dist/tex/latex/base/ifthen.sty
Package: ifthen 2022/04/13 v1.1d Standard LaTeX ifthen package (DPC)
)
\@float@every@algorithm=\toks36
\c@algorithm=\count289
) (/vast.mnt/sw/rl8/zen/app/texlive/20230313-GCC-11.3.0/texmf-dist/tex/latex/algorithms/algorithmic.sty
Package: algorithmic 2009/08/24 v0.1 Document Style `algorithmic'
\c@ALC@unique=\count290
\c@ALC@line=\count291
\c@ALC@rem=\count292
\c@ALC@depth=\count293
\ALC@tlm=\skip69
\algorithmicindent=\skip70
) (/vast.mnt/sw/rl8/zen/app/texlive/20230313-GCC-11.3.0/texmf-dist/tex/latex/url/url.sty
\Urlmuskip=\muskip17
Package: url 2013/09/16  ver 3.4  Verb mode for urls, etc.
) (/vast.mnt/sw/rl8/zen/app/texlive/20230313-GCC-11.3.0/texmf-dist/tex/latex/hyperref/hyperref.sty
Package: hyperref 2024-01-20 v7.01h Hypertext links for LaTeX
 (/vast.mnt/sw/rl8/zen/app/texlive/20230313-GCC-11.3.0/texmf-dist/tex/generic/iftex/iftex.sty
Package: iftex 2022/02/03 v1.0f TeX engine tests
) (/vast.mnt/sw/rl8/zen/app/texlive/20230313-GCC-11.3.0/texmf-dist/tex/latex/kvsetkeys/kvsetkeys.sty
Package: kvsetkeys 2022-10-05 v1.19 Key value parser (HO)
) (/vast.mnt/sw/rl8/zen/app/texlive/20230313-GCC-11.3.0/texmf-dist/tex/generic/kvdefinekeys/kvdefinekeys.sty
Package: kvdefinekeys 2019-12-19 v1.6 Define keys (HO)
) (/vast.mnt/sw/rl8/zen/app/texlive/20230313-GCC-11.3.0/texmf-dist/tex/generic/pdfescape/pdfescape.sty
Package: pdfescape 2019/12/09 v1.15 Implements pdfTeX's escape features (HO)
 (/vast.mnt/sw/rl8/zen/app/texlive/20230313-GCC-11.3.0/texmf-dist/tex/generic/ltxcmds/ltxcmds.sty
Package: ltxcmds 2023-12-04 v1.26 LaTeX kernel commands for general use (HO)
) (/vast.mnt/sw/rl8/zen/app/texlive/20230313-GCC-11.3.0/texmf-dist/tex/generic/pdftexcmds/pdftexcmds.sty
Package: pdftexcmds 2020-06-27 v0.33 Utility functions of pdfTeX for LuaTeX (HO)
 (/vast.mnt/sw/rl8/zen/app/texlive/20230313-GCC-11.3.0/texmf-dist/tex/generic/infwarerr/infwarerr.sty
Package: infwarerr 2019/12/03 v1.5 Providing info/warning/error messages (HO)
)
Package pdftexcmds Info: \pdf@primitive is available.
Package pdftexcmds Info: \pdf@ifprimitive is available.
Package pdftexcmds Info: \pdfdraftmode found.
)) (/vast.mnt/sw/rl8/zen/app/texlive/20230313-GCC-11.3.0/texmf-dist/tex/latex/hycolor/hycolor.sty
Package: hycolor 2020-01-27 v1.10 Color options for hyperref/bookmark (HO)
) (/vast.mnt/sw/rl8/zen/app/texlive/20230313-GCC-11.3.0/texmf-dist/tex/latex/auxhook/auxhook.sty
Package: auxhook 2019-12-17 v1.6 Hooks for auxiliary files (HO)
) (/vast.mnt/sw/rl8/zen/app/texlive/20230313-GCC-11.3.0/texmf-dist/tex/latex/hyperref/nameref.sty
Package: nameref 2023-11-26 v2.56 Cross-referencing by name of section
 (/vast.mnt/sw/rl8/zen/app/texlive/20230313-GCC-11.3.0/texmf-dist/tex/latex/refcount/refcount.sty
Package: refcount 2019/12/15 v3.6 Data extraction from label references (HO)
) (/vast.mnt/sw/rl8/zen/app/texlive/20230313-GCC-11.3.0/texmf-dist/tex/generic/gettitlestring/gettitlestring.sty
Package: gettitlestring 2019/12/15 v1.6 Cleanup title references (HO)
 (/vast.mnt/sw/rl8/zen/app/texlive/20230313-GCC-11.3.0/texmf-dist/tex/latex/kvoptions/kvoptions.sty
Package: kvoptions 2022-06-15 v3.15 Key value format for package options (HO)
))
\c@section@level=\count294
)
\@linkdim=\dimen172
\Hy@linkcounter=\count295
\Hy@pagecounter=\count296
 (/vast.mnt/sw/rl8/zen/app/texlive/20230313-GCC-11.3.0/texmf-dist/tex/latex/hyperref/pd1enc.def
File: pd1enc.def 2024-01-20 v7.01h Hyperref: PDFDocEncoding definition (HO)
Now handling font encoding PD1 ...
... no UTF-8 mapping file for font encoding PD1
) (/vast.mnt/sw/rl8/zen/app/texlive/20230313-GCC-11.3.0/texmf-dist/tex/generic/intcalc/intcalc.sty
Package: intcalc 2019/12/15 v1.3 Expandable calculations with integers (HO)
)
\Hy@SavedSpaceFactor=\count297
 (/vast.mnt/sw/rl8/zen/app/texlive/20230313-GCC-11.3.0/texmf-dist/tex/latex/hyperref/puenc.def
File: puenc.def 2024-01-20 v7.01h Hyperref: PDF Unicode definition (HO)
Now handling font encoding PU ...
... no UTF-8 mapping file for font encoding PU
)
Package hyperref Info: Hyper figures OFF on input line 4179.
Package hyperref Info: Link nesting OFF on input line 4184.
Package hyperref Info: Hyper index ON on input line 4187.
Package hyperref Info: Plain pages OFF on input line 4194.
Package hyperref Info: Backreferencing OFF on input line 4199.
Package hyperref Info: Implicit mode ON; LaTeX internals redefined.
Package hyperref Info: Bookmarks ON on input line 4446.
\c@Hy@tempcnt=\count298
LaTeX Info: Redefining \url on input line 4784.
\XeTeXLinkMargin=\dimen173
 (/vast.mnt/sw/rl8/zen/app/texlive/20230313-GCC-11.3.0/texmf-dist/tex/generic/bitset/bitset.sty
Package: bitset 2019/12/09 v1.3 Handle bit-vector datatype (HO)
 (/vast.mnt/sw/rl8/zen/app/texlive/20230313-GCC-11.3.0/texmf-dist/tex/generic/bigintcalc/bigintcalc.sty
Package: bigintcalc 2019/12/15 v1.5 Expandable calculations on big integers (HO)
))
\Fld@menulength=\count299
\Field@Width=\dimen174
\Fld@charsize=\dimen175
Package hyperref Info: Hyper figures OFF on input line 6063.
Package hyperref Info: Link nesting OFF on input line 6068.
Package hyperref Info: Hyper index ON on input line 6071.
Package hyperref Info: backreferencing OFF on input line 6078.
Package hyperref Info: Link coloring OFF on input line 6083.
Package hyperref Info: Link coloring with OCG OFF on input line 6088.
Package hyperref Info: PDF/A mode OFF on input line 6093.
 (/vast.mnt/sw/rl8/zen/app/texlive/20230313-GCC-11.3.0/texmf-dist/tex/latex/base/atbegshi-ltx.sty
Package: atbegshi-ltx 2021/01/10 v1.0c Emulation of the original atbegshi
package with kernel methods
)
\Hy@abspage=\count300
\c@Item=\count301
\c@Hfootnote=\count302
)
Package hyperref Info: Driver (autodetected): hpdftex.
 (/vast.mnt/sw/rl8/zen/app/texlive/20230313-GCC-11.3.0/texmf-dist/tex/latex/hyperref/hpdftex.def
File: hpdftex.def 2024-01-20 v7.01h Hyperref driver for pdfTeX
 (/vast.mnt/sw/rl8/zen/app/texlive/20230313-GCC-11.3.0/texmf-dist/tex/latex/base/atveryend-ltx.sty
Package: atveryend-ltx 2020/08/19 v1.0a Emulation of the original atveryend package
with kernel methods
)
\Fld@listcount=\count303
\c@bookmark@seq@number=\count304
 (/vast.mnt/sw/rl8/zen/app/texlive/20230313-GCC-11.3.0/texmf-dist/tex/latex/rerunfilecheck/rerunfilecheck.sty
Package: rerunfilecheck 2022-07-10 v1.10 Rerun checks for auxiliary files (HO)
 (/vast.mnt/sw/rl8/zen/app/texlive/20230313-GCC-11.3.0/texmf-dist/tex/generic/uniquecounter/uniquecounter.sty
Package: uniquecounter 2019/12/15 v1.4 Provide unlimited unique counter (HO)
)
Package uniquecounter Info: New unique counter `rerunfilecheck' on input line 285.
)
\Hy@SectionHShift=\skip71
) (/vast.mnt/sw/rl8/zen/app/texlive/20230313-GCC-11.3.0/texmf-dist/tex/latex/caption/caption.sty
Package: caption 2023/08/05 v3.6o Customizing captions (AR)
 (/vast.mnt/sw/rl8/zen/app/texlive/20230313-GCC-11.3.0/texmf-dist/tex/latex/caption/caption3.sty
Package: caption3 2023/07/31 v2.4d caption3 kernel (AR)
\caption@tempdima=\dimen176
\captionmargin=\dimen177
\caption@leftmargin=\dimen178
\caption@rightmargin=\dimen179
\caption@width=\dimen180
\caption@indent=\dimen181
\caption@parindent=\dimen182
\caption@hangindent=\dimen183
Package caption Info: Standard document class detected.
)
\c@caption@flags=\count305
\c@continuedfloat=\count306
Package caption Info: float package is loaded.
Package caption Info: hyperref package is loaded.
)
\c@theorem=\count307
\c@corollary=\count308
\c@proposition=\count309
 (/vast.mnt/sw/rl8/zen/app/texlive/20230313-GCC-11.3.0/texmf-dist/tex/latex/l3backend/l3backend-pdftex.def
File: l3backend-pdftex.def 2024-01-04 L3 backend support: PDF output (pdfTeX)
\l__color_backend_stack_int=\count310
\l__pdf_internal_box=\box59
) (./main.aux)
\openout1 = `main.aux'.

LaTeX Font Info:    Checking defaults for OML/cmm/m/it on input line 46.
LaTeX Font Info:    ... okay on input line 46.
LaTeX Font Info:    Checking defaults for OMS/cmsy/m/n on input line 46.
LaTeX Font Info:    ... okay on input line 46.
LaTeX Font Info:    Checking defaults for OT1/cmr/m/n on input line 46.
LaTeX Font Info:    ... okay on input line 46.
LaTeX Font Info:    Checking defaults for T1/cmr/m/n on input line 46.
LaTeX Font Info:    ... okay on input line 46.
LaTeX Font Info:    Checking defaults for TS1/cmr/m/n on input line 46.
LaTeX Font Info:    ... okay on input line 46.
LaTeX Font Info:    Checking defaults for OMX/cmex/m/n on input line 46.
LaTeX Font Info:    ... okay on input line 46.
LaTeX Font Info:    Checking defaults for U/cmr/m/n on input line 46.
LaTeX Font Info:    ... okay on input line 46.
LaTeX Font Info:    Checking defaults for PD1/pdf/m/n on input line 46.
LaTeX Font Info:    ... okay on input line 46.
LaTeX Font Info:    Checking defaults for PU/pdf/m/n on input line 46.
LaTeX Font Info:    ... okay on input line 46.
 (/vast.mnt/sw/rl8/zen/app/texlive/20230313-GCC-11.3.0/texmf-dist/tex/context/base/mkii/supp-pdf.mkii
[Loading MPS to PDF converter (version 2006.09.02).]
\scratchcounter=\count311
\scratchdimen=\dimen184
\scratchbox=\box60
\nofMPsegments=\count312
\nofMParguments=\count313
\everyMPshowfont=\toks37
\MPscratchCnt=\count314
\MPscratchDim=\dimen185
\MPnumerator=\count315
\makeMPintoPDFobject=\count316
\everyMPtoPDFconversion=\toks38
) (/vast.mnt/sw/rl8/zen/app/texlive/20230313-GCC-11.3.0/texmf-dist/tex/latex/epstopdf-pkg/epstopdf-base.sty
Package: epstopdf-base 2020-01-24 v2.11 Base part for package epstopdf
Package epstopdf-base Info: Redefining graphics rule for `.eps' on input line 485.
 (/vast.mnt/sw/rl8/zen/app/texlive/20230313-GCC-11.3.0/texmf-dist/tex/latex/latexconfig/epstopdf-sys.cfg
File: epstopdf-sys.cfg 2010/07/13 v1.3 Configuration of (r)epstopdf for TeX Live
))
LaTeX Info: Redefining \microtypecontext on input line 46.
Package microtype Info: Applying patch `item' on input line 46.
Package microtype Info: Applying patch `toc' on input line 46.
Package microtype Info: Applying patch `eqnum' on input line 46.
Package microtype Info: Applying patch `footnote' on input line 46.
Package microtype Info: Applying patch `verbatim' on input line 46.
Package microtype Info: Generating PDF output.
Package microtype Info: Character protrusion enabled (level 2).
Package microtype Info: Using default protrusion set `alltext'.
Package microtype Info: Automatic font expansion enabled (level 2),
(microtype)             stretch: 20, shrink: 20, step: 1, non-selected.
Package microtype Info: Using default expansion set `alltext-nott'.
LaTeX Info: Redefining \showhyphens on input line 46.
Package microtype Info: No adjustment of tracking.
Package microtype Info: No adjustment of interword spacing.
Package microtype Info: No adjustment of character kerning.
 (/vast.mnt/sw/rl8/zen/app/texlive/20230313-GCC-11.3.0/texmf-dist/tex/latex/microtype/mt-ptm.cfg
File: mt-ptm.cfg 2006/04/20 v1.7 microtype config. file: Times (RS)
)
Package hyperref Info: Link coloring OFF on input line 46.
 (./main.out) (./main.out)
\@outlinefile=\write3
\openout3 = `main.out'.

Package caption Info: Begin \AtBeginDocument code.
Package caption Info: End \AtBeginDocument code.
 (/vast.mnt/sw/rl8/zen/app/texlive/20230313-GCC-11.3.0/texmf-dist/tex/latex/microtype/mt-cmr.cfg
File: mt-cmr.cfg 2013/05/19 v2.2 microtype config. file: Computer Modern Roman (RS)
)
LaTeX Font Info:    Trying to load font information for U+msa on input line 49.
 (/vast.mnt/sw/rl8/zen/app/texlive/20230313-GCC-11.3.0/texmf-dist/tex/latex/amsfonts/umsa.fd
File: umsa.fd 2013/01/14 v3.01 AMS symbols A
) (/vast.mnt/sw/rl8/zen/app/texlive/20230313-GCC-11.3.0/texmf-dist/tex/latex/microtype/mt-msa.cfg
File: mt-msa.cfg 2006/02/04 v1.1 microtype config. file: AMS symbols (a) (RS)
)
LaTeX Font Info:    Trying to load font information for U+msb on input line 49.
 (/vast.mnt/sw/rl8/zen/app/texlive/20230313-GCC-11.3.0/texmf-dist/tex/latex/amsfonts/umsb.fd
File: umsb.fd 2013/01/14 v3.01 AMS symbols B
) (/vast.mnt/sw/rl8/zen/app/texlive/20230313-GCC-11.3.0/texmf-dist/tex/latex/microtype/mt-msb.cfg
File: mt-msb.cfg 2005/06/01 v1.0 microtype config. file: AMS symbols (b) (RS)
) [1{/vast.mnt/sw/rl8/zen/app/texlive/20230313-GCC-11.3.0/texmf-var/fonts/map/pdftex/updmap/pdftex.map}{/vast.mnt/sw/rl8/zen/app/texlive/20230313-GCC-11.3.0/texmf-dist/fonts/enc/dvips/base/8r.enc}

] [2]
Package hyperref Info: bookmark level for unknown algorithm defaults to 0 on input line 125.

Underfull \hbox (badness 10000) in paragraph at lines 155--158
[][]\T1/ptm/b/n/10 (+20) Proposition 1 \T1/ptm/m/n/10 (+20) (Non--ex-pan-sive-ness to-ward the ex-pert box)\T1/ptm/b/n/10 (+20) . []\T1/ptm/m/it/10 (+20) Let $\OML/cmm/m/it/10 B[] \OT1/cmr/m/n/10 :=
 []

[3] [4] [5]
Underfull \vbox (badness 10000) has occurred while \output is active []

 [6] [7] [8] [9] [10]
Overfull \hbox (47.47563pt too wide) in paragraph at lines 458--474
 [][] 
 []

<figs/heldout_frontier.pdf, id=368, 397.5451pt x 273.1747pt>
File: figs/heldout_frontier.pdf Graphic file (type pdf)
<use figs/heldout_frontier.pdf>
Package pdftex.def Info: figs/heldout_frontier.pdf  used on input line 479.
(pdftex.def)             Requested size: 147.06749pt x 101.06055pt.

Underfull \vbox (badness 8094) has occurred while \output is active []

 [11] [12 <./figs/heldout_frontier.pdf>] [13] [14] [15] [16] [17] [18] [19]
LaTeX Font Info:    Trying to load font information for T1+pcr on input line 1034.
 (/vast.mnt/sw/rl8/zen/app/texlive/20230313-GCC-11.3.0/texmf-dist/tex/latex/psnfss/t1pcr.fd
File: t1pcr.fd 2001/06/04 font definitions for T1/pcr.
)
Package microtype Info: Loading generic protrusion settings for font family
(microtype)             `pcr' (encoding: T1).
(microtype)             For optimal results, create family-specific settings.
(microtype)             See the microtype manual for details.
 [20] [21] [22] [23] [24] [25] [26] [27] [28] [29] [30] [31] [32] [33] [34] (./main.aux)
 ***********
LaTeX2e <2023-11-01> patch level 1
L3 programming layer <2024-01-22>
 ***********
Package rerunfilecheck Info: File `main.out' has not changed.
(rerunfilecheck)             Checksum: FE4EAC5AD1BDC81CFA0F058F486E9A5E;4612.
 ) 
Here is how much of TeX's memory you used:
 15876 strings out of 474222
 253709 string characters out of 5736121
 1976975 words of memory out of 5000000
 37320 multiletter control sequences out of 15000+600000
 632788 words of font info for 342 fonts, out of 8000000 for 9000
 1141 hyphenation exceptions out of 8191
 75i,15n,79p,3193b,756s stack positions out of 10000i,1000n,20000p,200000b,200000s
</vast.mnt/sw/rl8/zen/app/texlive/20230313-GCC-11.3.0/texmf-dist/fonts/type1/public/amsfonts/cm/cmbx10.pfb></vast.mnt/sw/rl8/zen/app/texlive/20230313-GCC-11.3.0/texmf-dist/fonts/type1/public/amsfonts/cm/cmbx7.pfb></vast.mnt/sw/rl8/zen/app/texlive/20230313-GCC-11.3.0/texmf-dist/fonts/type1/public/amsfonts/cm/cmbx9.pfb></vast.mnt/sw/rl8/zen/app/texlive/20230313-GCC-11.3.0/texmf-dist/fonts/type1/public/amsfonts/cm/cmex10.pfb></vast.mnt/sw/rl8/zen/app/texlive/20230313-GCC-11.3.0/texmf-dist/fonts/type1/public/amsfonts/cmextra/cmex9.pfb></vast.mnt/sw/rl8/zen/app/texlive/20230313-GCC-11.3.0/texmf-dist/fonts/type1/public/amsfonts/cm/cmmi10.pfb></vast.mnt/sw/rl8/zen/app/texlive/20230313-GCC-11.3.0/texmf-dist/fonts/type1/public/amsfonts/cm/cmmi5.pfb></vast.mnt/sw/rl8/zen/app/texlive/20230313-GCC-11.3.0/texmf-dist/fonts/type1/public/amsfonts/cm/cmmi6.pfb></vast.mnt/sw/rl8/zen/app/texlive/20230313-GCC-11.3.0/texmf-dist/fonts/type1/public/amsfonts/cm/cmmi7.pfb></vast.mnt/sw/rl8/zen/app/texlive/20230313-GCC-11.3.0/texmf-dist/fonts/type1/public/amsfonts/cm/cmmi9.pfb></vast.mnt/sw/rl8/zen/app/texlive/20230313-GCC-11.3.0/texmf-dist/fonts/type1/public/amsfonts/cm/cmr10.pfb></vast.mnt/sw/rl8/zen/app/texlive/20230313-GCC-11.3.0/texmf-dist/fonts/type1/public/amsfonts/cm/cmr5.pfb></vast.mnt/sw/rl8/zen/app/texlive/20230313-GCC-11.3.0/texmf-dist/fonts/type1/public/amsfonts/cm/cmr6.pfb></vast.mnt/sw/rl8/zen/app/texlive/20230313-GCC-11.3.0/texmf-dist/fonts/type1/public/amsfonts/cm/cmr7.pfb></vast.mnt/sw/rl8/zen/app/texlive/20230313-GCC-11.3.0/texmf-dist/fonts/type1/public/amsfonts/cm/cmr9.pfb></vast.mnt/sw/rl8/zen/app/texlive/20230313-GCC-11.3.0/texmf-dist/fonts/type1/public/amsfonts/cm/cmsy10.pfb></vast.mnt/sw/rl8/zen/app/texlive/20230313-GCC-11.3.0/texmf-dist/fonts/type1/public/amsfonts/cm/cmsy5.pfb></vast.mnt/sw/rl8/zen/app/texlive/20230313-GCC-11.3.0/texmf-dist/fonts/type1/public/amsfonts/cm/cmsy6.pfb></vast.mnt/sw/rl8/zen/app/texlive/20230313-GCC-11.3.0/texmf-dist/fonts/type1/public/amsfonts/cm/cmsy7.pfb></vast.mnt/sw/rl8/zen/app/texlive/20230313-GCC-11.3.0/texmf-dist/fonts/type1/public/amsfonts/cm/cmsy9.pfb></vast.mnt/sw/rl8/zen/app/texlive/20230313-GCC-11.3.0/texmf-dist/fonts/type1/public/amsfonts/symbols/msam10.pfb></vast.mnt/sw/rl8/zen/app/texlive/20230313-GCC-11.3.0/texmf-dist/fonts/type1/public/amsfonts/symbols/msbm10.pfb></vast.mnt/sw/rl8/zen/app/texlive/20230313-GCC-11.3.0/texmf-dist/fonts/type1/urw/courier/ucrr8a.pfb></vast.mnt/sw/rl8/zen/app/texlive/20230313-GCC-11.3.0/texmf-dist/fonts/type1/urw/helvetic/uhvb8a.pfb></vast.mnt/sw/rl8/zen/app/texlive/20230313-GCC-11.3.0/texmf-dist/fonts/type1/urw/times/utmb8a.pfb></vast.mnt/sw/rl8/zen/app/texlive/20230313-GCC-11.3.0/texmf-dist/fonts/type1/urw/times/utmr8a.pfb></vast.mnt/sw/rl8/zen/app/texlive/20230313-GCC-11.3.0/texmf-dist/fonts/type1/urw/times/utmri8a.pfb>
Output written on main.pdf (34 pages, 513613 bytes).
PDF statistics:
 903 PDF objects out of 1000 (max. 8388607)
 742 compressed objects within 8 object streams
 194 named destinations out of 1000 (max. 500000)
 61118 words of extra memory for PDF output out of 61914 (max. 10000000)

