\BOOKMARK [1][-]{section.1}{\376\377\000I\000n\000t\000r\000o\000d\000u\000c\000t\000i\000o\000n}{}% 1
\BOOKMARK [1][-]{section.2}{\376\377\000R\000e\000l\000a\000t\000e\000d\000\040\000W\000o\000r\000k\000\040\000a\000n\000d\000\040\000B\000a\000c\000k\000g\000r\000o\000u\000n\000d}{}% 2
\BOOKMARK [1][-]{section.3}{\376\377\000M\000e\000t\000h\000o\000d}{}% 3
\BOOKMARK [2][-]{subsection.3.1}{\376\377\000P\000r\000o\000b\000l\000e\000m\000\040\000S\000e\000t\000u\000p}{section.3}% 4
\BOOKMARK [2][-]{subsection.3.2}{\376\377\000T\000r\000u\000s\000t\000-\000R\000e\000g\000i\000o\000n\000\040\000R\000e\000p\000l\000a\000y\000\040\000R\000e\000f\000i\000n\000e\000m\000e\000n\000t}{section.3}% 5
\BOOKMARK [2][-]{subsection.3.3}{\376\377\000A\000\040\000S\000e\000c\000o\000n\000d\000\040\000P\000e\000r\000s\000p\000e\000c\000t\000i\000v\000e\000:\000\040\000A\000t\000t\000r\000i\000b\000u\000t\000i\000o\000n\000\040\000P\000a\000t\000c\000h\000i\000n\000g\000\040\000i\000n\000\040\000P\000a\000r\000a\000m\000e\000t\000e\000r\000\040\000S\000p\000a\000c\000e}{section.3}% 6
\BOOKMARK [1][-]{section.4}{\376\377\000E\000x\000p\000e\000r\000i\000m\000e\000n\000t\000a\000l\000\040\000S\000e\000t\000u\000p}{}% 7
\BOOKMARK [1][-]{section.5}{\376\377\000R\000e\000s\000u\000l\000t\000s}{}% 8
\BOOKMARK [2][-]{subsection.5.1}{\376\377\000M\000u\000l\000t\000i\000-\000h\000e\000a\000d\000\040\000G\000L\000U\000E\000-\0008\000\040\000\050\000R\000o\000B\000E\000R\000T\000a\000-\000b\000a\000s\000e\000\051}{section.5}% 9
\BOOKMARK [2][-]{subsection.5.2}{\376\377\000E\000i\000g\000h\000t\000-\000t\000a\000s\000k\000\040\000C\000L\000I\000P\000\040\000\050\000V\000i\000T\000-\000B\000/\0003\0002\000\051}{section.5}% 10
\BOOKMARK [2][-]{subsection.5.3}{\376\377\000S\000h\000a\000r\000e\000d\000-\000o\000u\000t\000p\000u\000t\000\040\000t\000e\000x\000t\000-\000t\000o\000-\000t\000e\000x\000t\000\040\000G\000L\000U\000E\000-\0008\000\040\000\050\000f\000l\000a\000n\000-\000T\0005\000-\000b\000a\000s\000e\000\051}{section.5}% 11
\BOOKMARK [2][-]{subsection.5.4}{\376\377\000T\000w\000e\000n\000t\000y\000-\000t\000a\000s\000k\000\040\000C\000L\000I\000P\000\040\000\050\000V\000i\000T\000-\000B\000/\0003\0002\000\051}{section.5}% 12
\BOOKMARK [1][-]{section.6}{\376\377\000D\000i\000s\000c\000u\000s\000s\000i\000o\000n}{}% 13
\BOOKMARK [1][-]{appendix.A}{\376\377\000B\000o\000x\000-\000D\000i\000s\000t\000a\000n\000c\000e\000\040\000M\000o\000n\000o\000t\000o\000n\000i\000c\000i\000t\000y\000\040\000a\000n\000d\000\040\000t\000h\000e\000\040\000E\000x\000p\000e\000r\000t\000\040\000B\000o\000x}{}% 14
\BOOKMARK [1][-]{appendix.B}{\376\377\000M\000e\000t\000h\000o\000d\000\040\000D\000e\000t\000a\000i\000l\000s\000:\000\040\000S\000e\000q\000u\000e\000n\000t\000i\000a\000l\000\040\000S\000c\000h\000e\000d\000u\000l\000i\000n\000g}{}% 15
\BOOKMARK [1][-]{appendix.C}{\376\377\000E\000x\000t\000e\000n\000d\000e\000d\000\040\000E\000x\000p\000e\000r\000i\000m\000e\000n\000t\000a\000l\000\040\000P\000r\000o\000t\000o\000c\000o\000l}{}% 16
\BOOKMARK [2][-]{subsection.C.1}{\376\377\000A\000b\000l\000a\000t\000i\000o\000n\000s\000\040\000a\000n\000d\000\040\000D\000i\000a\000g\000n\000o\000s\000t\000i\000c\000s}{appendix.C}% 17
\BOOKMARK [2][-]{subsection.C.2}{\376\377\000H\000y\000p\000o\000t\000h\000e\000s\000e\000s}{appendix.C}% 18
\BOOKMARK [1][-]{appendix.D}{\376\377\000M\000u\000l\000t\000i\000-\000H\000e\000a\000d\000\040\000G\000L\000U\000E\000:\000\040\000E\000x\000t\000e\000n\000d\000e\000d\000\040\000R\000e\000s\000u\000l\000t\000s}{}% 19
\BOOKMARK [1][-]{appendix.E}{\376\377\000C\000L\000I\000P\000-\0008\000:\000\040\000E\000x\000t\000e\000n\000d\000e\000d\000\040\000R\000e\000s\000u\000l\000t\000s}{}% 20
\BOOKMARK [1][-]{appendix.F}{\376\377\000M\000e\000r\000g\000e\000\040\000B\000a\000s\000e\000l\000i\000n\000e\000s\000\040\000a\000n\000d\000\040\000M\000a\000t\000c\000h\000e\000d\000-\000B\000u\000d\000g\000e\000t\000\040\000C\000o\000m\000p\000a\000r\000i\000s\000o\000n\000s\000:\000\040\000E\000x\000t\000e\000n\000d\000e\000d\000\040\000R\000e\000s\000u\000l\000t\000s}{}% 21
\BOOKMARK [1][-]{appendix.G}{\376\377\000S\000h\000a\000r\000e\000d\000-\000O\000u\000t\000p\000u\000t\000\040\000T\0005\000\040\000T\000r\000a\000c\000k\000:\000\040\000E\000x\000t\000e\000n\000d\000e\000d\000\040\000R\000e\000s\000u\000l\000t\000s}{}% 22
\BOOKMARK [1][-]{appendix.H}{\376\377\000T\000w\000e\000n\000t\000y\000-\000T\000a\000s\000k\000\040\000C\000L\000I\000P\000:\000\040\000E\000x\000t\000e\000n\000d\000e\000d\000\040\000R\000e\000s\000u\000l\000t\000s}{}% 23
